identity = (function (a) {
    return a;
  });
multi = (function () {
  doA();
  doB();
    return 10;
  });

