'use strict';
console.log("asd");
console.log("asd");
fnName = "asd";
obj[fnName](123);
obj["asd"](123);

