http = require("http");
u = require("util");
derp = require("helpers").derp;
herp = require("helpers").herp;

