(function () {
  var a = 1;
  var b = 2;
  return (b + a);
  })();

