test/module_error_missing_where.test:2:0 Expected module 'where' keyword, got "" of type 'newline'
