test/module_exports.test:0:0 module("Hello") [hello world]

