test/module_with_comments.test:2:0 module("Maine")

