(function() { try {
  return (function () {
    return (function() { throw new Error("!"); })();
    })();
} catch(e) {
  return (function (err) {
    return console.error(err);
    })(e);
} })();

